E501 Line too long (122 > 120)
  --> jev_ultrafast/review_records.py:40:121
   |
38 |     return {
39 |         'goal': run.get('goal'), 'call': {key: (run.get('call') or {}).get(key)
40 |                                        for key in ('goal', 'url', 'allowed_operations', 'allowed_sites', 'allow_commit')},
   |                                                                                                                         ^^
41 |         'previous_run': run.get('previous_run'), 'has_previous_run': 'previous_run' in run, 'pid': run.get('pid'),
42 |         'page': {key: page.get(key) for key in ('url', 'title')}, 'outcome': run.get('outcome', []),
   |

E501 Line too long (123 > 120)
   --> jev_ultrafast/review_records.py:208:121
    |
206 |                for key in ('summary_version', 'fingerprint_version', 'scrubber_version')):
207 |             raise RecordError('Unsupported batch semantic version')
208 |         if not string(record.get('source_revision')) or not all(version_map(record.get(key)) for key in ('runs', 'notes')):
    |                                                                                                                         ^^^
209 |             raise RecordError('Malformed batch evidence')
210 |         if item_maps(record.get('items')) != {key: record[key] for key in ('runs', 'notes')}:
    |

E501 Line too long (124 > 120)
   --> jev_ultrafast/site_notes.py:427:121
    |
426 | def validate_envelope(envelope):
427 |     if not isinstance(envelope, dict) or type(envelope.get("schema_version")) is not int or envelope["schema_version"] != 2:
    |                                                                                                                         ^^^^
428 |         raise NotesStoreError("unsupported notes schema")
429 |     if not isinstance(envelope.get("notes"), list) or not all(map(well_formed, envelope["notes"])):
    |

I001 [*] Import block is un-sorted or un-formatted
  --> scripts/report_runs.py:18:1
   |
16 |   ROOT = Path(__file__).resolve().parents[1]
17 |   sys.path.append(str(ROOT))
18 | / from examples.flights import verify  # noqa: E402
19 | | from jev_ultrafast import review_records
20 | |
21 | | from jev_ultrafast.contracts import token_usage, validate_allowed_operations  # noqa: E402
22 | | from jev_ultrafast.site_notes import (  # noqa: E402
23 | |     EXCLUDE_PATH,
24 | |     HOST,
25 | |     INSTRUCTIONS_HEADING,
26 | |     NOTES_HEADING,
27 | |     NOTES_PATH,
28 | |     RETIRE_AFTER_FAILURES,
29 | |     REVIEW_STATE,
30 | |     SITE_NOTES_NEXT,
31 | |     active,
32 | |     chains,
33 | |     excluded,
34 | |     failure_code,
35 | |     instructions_line,
36 | |     links,
37 | |     load,
38 | |     note_excluded,
39 | |     possible_false_dones,
40 | |     read_exclude,
41 | |     read_review_state,
42 | |     run_site,
43 | |     stale_budget,
44 | |     within,
45 | | )
   | |_^
46 |
47 |   MIN_LABELED = 5
   |
help: Organize imports
   |
19 | from jev_ultrafast import review_records
   -
20 | from jev_ultrafast.contracts import token_usage, validate_allowed_operations  # noqa: E402
   |

E402 Module level import not at top of file
  --> scripts/report_runs.py:19:1
   |
17 | sys.path.append(str(ROOT))
18 | from examples.flights import verify  # noqa: E402
19 | from jev_ultrafast import review_records
   | ^^^^^^^^^^^^^^^^^^^^^^^^^^^^^^^^^^^^^^^^
20 |
21 | from jev_ultrafast.contracts import token_usage, validate_allowed_operations  # noqa: E402
   |
help: Move module level imports to top of file

E501 Line too long (150 > 120)
   --> scripts/review_runs.py:478:121
    |
476 | …
477 | …], queue["run_ids"])
478 | …s, queue.get("nonces", {}).get(run_id)) for run_id, run in queue["runs"].items()]
    |                                                     ^^^^^^^^^^^^^^^^^^^^^^^^^^^^^^
479 | …queue.get("nonces", {}).get(key)) for key, note in queue["notes"].items()]
480 | …
    |

E501 Line too long (143 > 120)
   --> scripts/review_runs.py:479:121
    |
477 | …de"], queue["run_ids"])
478 | …ules, queue.get("nonces", {}).get(run_id)) for run_id, run in queue["runs"].items()]
479 | …s, queue.get("nonces", {}).get(key)) for key, note in queue["notes"].items()]
    |                                                        ^^^^^^^^^^^^^^^^^^^^^^^
480 | …
    |

E501 Line too long (148 > 120)
   --> scripts/review_runs.py:600:121
    |
598 | …
599 | …deps["relations"]
600 | …iew_records.digest(note["site"]) in deps["note_site_hashes"]} != deps["notes"]):
    |                                                      ^^^^^^^^^^^^^^^^^^^^^^^^^^^^
601 | …batch")
602 | …es, exclude=exclude)
    |

E501 Line too long (121 > 120)
   --> scripts/review_runs.py:664:121
    |
662 |         raise DecisionRefused(f"no note {clip(note_id, LABEL_CHARACTERS)}")
663 |     if note["approved"]:
664 |         raise DecisionRefused(f"{note_id} is approved, and a review never retires, flags or changes a note you approved")
    |                                                                                                                         ^
665 |     return note
    |

E501 Line too long (133 > 120)
   --> scripts/review_runs.py:765:121
    |
763 |                 try:
764 |                     if held:
765 |                         raise DecisionRefused(f"its {' and '.join(held)} {'hold' if len(held) > 1 else 'holds'} a value from a task")
    |                                                                                                                         ^^^^^^^^^^^^^
766 |                     outcome, applied = apply_decision_to(envelope["notes"], decision, queue), True
767 |                 except DecisionRefused as error:
    |

E501 Line too long (125 > 120)
   --> scripts/review_runs.py:805:121
    |
803 |     digest = review_records.read(path, "digest")
804 |     for number, record in enumerate(digest["decisions"], 1):
805 |         print(f"decision {number}, {record['action']}: {'applied' if record['applied'] else 'refused'}: {record['outcome']}")
    |                                                                                                                         ^^^^^
806 |     return path, []
    |

E501 Line too long (127 > 120)
    --> scripts/review_runs.py:1066:121
     |
1064 |     except (OSError, ValueError) as error:
1065 |         raise review_records.RecordError("Unreadable review state; paid dispatch stopped") from error
1066 |     if (not isinstance(state, dict) or (type(state.get("schema_version", 1)) is not int or state.get("schema_version", 1) != 1)
     |                                                                                                                         ^^^^^^^
1067 |             or not isinstance(state.get("accounted_attempt_ids", []), list)
1068 |             or any(not isinstance(key, str) or not review_records.ID.fullmatch(key)
     |

E501 Line too long (126 > 120)
    --> scripts/review_runs.py:1220:121
     |
1218 |                 with run_store.metadata_lock(RUNS, create=True):
1219 |                     queue = site_notes.transaction(lambda envelope: verify_batch(
1220 |                         batch, load_runs(), envelope["notes"], site_notes.read_exclude(site_notes.EXCLUDE_PATH)), write=False)
     |                                                                                                                         ^^^^^^
1221 |                 quote = privacy_quote(queue)
1222 |         init, result, failure = launch(attempt["sent_text"], attempt["budget_usd"], quote,
     |

E501 Line too long (125 > 120)
    --> scripts/review_runs.py:1303:121
     |
1301 |                 batch = None if kind == "preflight" else _prepare_batch(day(AUTO_FROM) if kind == "auto" else since)
1302 |                 if batch:
1303 |                     queue = {"runs": {*batch["runs"], *(item["id"] for item in batch["deferred"] if item["kind"] == "runs")}}
     |                                                                                                                         ^^^^^
1304 |                     if (kind == "auto" and not enough_waiting(queue, now)
1305 |                             or not batch["runs"] and not batch["notes"]):
     |

E501 Line too long (122 > 120)
    --> scripts/review_runs.py:1314:121
     |
1312 |             return launch_attempt(attempt, batch)
1313 |     except (OSError, ValueError):
1314 |         print("Review stopped: storage, exclusions, or reviewer ownership require recovery; no automatic retry was made.")
     |                                                                                                                         ^^
1315 |         return 0 if kind == "auto" else 1
     |

E501 Line too long (123 > 120)
    --> scripts/review_runs.py:1340:121
     |
1338 |             return 1
1339 |     except store_io.PublicationUncertain:
1340 |         print("Publication is uncertain; recover the pending receipt before retrying. Decisions may already be committed.")
     |                                                                                                                         ^^^
1341 |         return 1
1342 |     except (OSError, ValueError):
     |

I001 [*] Import block is un-sorted or un-formatted
   --> tests/test_report_runs.py:450:1
    |
450 | / import pytest  # noqa: E402
451 | | from jev_ultrafast import review_records  # noqa: E402
452 | | from jev_ultrafast.store_io import canonical_bytes  # noqa: E402
453 | | import hashlib  # noqa: E402
454 | | import time  # noqa: E402
    | |___________^
help: Organize imports
    |
449 |
450 + import hashlib  # noqa: E402
451 + import time  # noqa: E402
452 +
453 | import pytest  # noqa: E402
454 +
455 | from jev_ultrafast import review_records  # noqa: E402
456 | from jev_ultrafast.store_io import canonical_bytes  # noqa: E402
    - import hashlib  # noqa: E402
    - import time  # noqa: E402
457 |
    |

E501 Line too long (122 > 120)
   --> tests/test_review_batches.py:284:121
    |
282 |     recovery()
283 |     batch = review_runs.prepare_batch()
284 |     path, _ = apply_batch(batch, {**EMPTY_REPLY, 'decisions': [add_decision(detail='https://bad.test/'), add_decision()]})
    |                                                                                                                         ^^
285 |     digest = json.loads(path.read_text())
286 |     assert [item['applied'] for item in digest['decisions']] == [False, True]
    |

E501 Line too long (128 > 120)
   --> tests/test_review_batches.py:352:121
    |
351 |     def publish(path, value, **options):
352 |         phase = ('notes' if value.get('pending_review') else 'cleanup') if path.name == site_notes.NOTES_PATH.name else 'digest'
    |                                                                                                                         ^^^^^^^^
353 |         if not fired and boundary == 'before_' + phase:
354 |             fired.append(boundary)
    |

I001 [*] Import block is un-sorted or un-formatted
   --> tests/test_review_batches.py:460:1
    |
460 | / from types import SimpleNamespace  # noqa: E402
461 | | import threading  # noqa: E402
462 | | import time  # noqa: E402
    | |___________^
help: Organize imports
    |
459 |
    - from types import SimpleNamespace  # noqa: E402
460 | import threading  # noqa: E402
461 | import time  # noqa: E402
462 + from types import SimpleNamespace  # noqa: E402
463 |
    |

E501 Line too long (132 > 120)
   --> tests/test_review_batches.py:471:121
    |
469 |     calls = []
470 |     monkeypatch.setattr(review_runs, 'process_identity', lambda pid: {'state': 'present', 'pid': pid,
471 |                                                                    'birth': '100:123', 'uid': review_runs.os.getuid(), 'pgid': pid})
    |                                                                                                                         ^^^^^^^^^^^^
472 |     monkeypatch.setattr(review_runs, 'group_alive', lambda pid: False)
    |

E501 Line too long (126 > 120)
   --> tests/test_review_batches.py:593:121
    |
592 | @pytest.mark.parametrize('status,child', [('spawning', None), ('running', {'pid': 12345, 'identity':
593 |     {'state': 'present', 'pid': 12345, 'birth': '100:122', 'uid': review_runs.os.getuid(), 'pgid': 12345}, 'exited': False})])
    |                                                                                                                         ^^^^^^
594 | def test_unknown_or_reused_child_blocks_paid_launch_without_signalling(fake_paid, monkeypatch, status, child):
595 |     write_run()
    |

E501 Line too long (122 > 120)
   --> tests/test_review_batches.py:695:121
    |
693 |         broken['dependencies'] = {}
694 |     elif mutation.startswith('missing_'):
695 |         broken.pop({'missing_source': 'source_revision', 'missing_items': 'items', 'missing_sent': 'sent_text'}[mutation])
    |                                                                                                                         ^^
696 |     elif mutation == 'unknown_summary':
697 |         broken['summary_version'] = 2
    |

E501 Line too long (126 > 120)
   --> tests/test_review_runs.py:211:121
    |
209 |         "https://example.com/help?sid=SIDSECRET42, then visit https://docs.example.net/x?t=GUARDSECRET42; the website "
210 |         "field shows https://lee.me. It kept it (https://lee.me); note developer.mozilla.org-1 was shown on "
211 |         f"example.com, unlike run 20260926-090000-0001 or run <value>-<value>-<value>; ref 12345678-123456-abcd; as Jane Doe."
    |                                                                                                                         ^^^^^^
212 |     )
213 |     # Typed values in a path: plainly, joined to a word by an underscore, and names joined by "+", "-" or "_".
    |

F541 [*] f-string without any placeholders
   --> tests/test_review_runs.py:268:9
    |
266 |         "<value> and <value>.<value>, and the message read <value>/help?sid= then <value>://docs.<value>.net/x?t= the "
267 |         "website field shows <value>. It kept it (<value>); note developer.mozilla.org-1 was shown on example.com, "
268 |         f"unlike run <value>-<value>-<value> or run <value>-<value>-<value>; ref <value>-abcd; as <value>."
    |         ^^^^^^^^^^^^^^^^^^^^^^^^^^^^^^^^^^^^^^^^^^^^^^^^^^^^^^^^^^^^^^^^^^^^^^^^^^^^^^^^^^^^^^^^^^^^^^^^^^^
269 |     ) in out
270 |     assert VISIBLE_TEXT not in out and REQUEST_TEXT not in out
    |
help: Remove extraneous `f` prefix
    |
267 |         "website field shows <value>. It kept it (<value>); note developer.mozilla.org-1 was shown on example.com, "
    -         f"unlike run <value>-<value>-<value> or run <value>-<value>-<value>; ref <value>-abcd; as <value>."
268 +         "unlike run <value>-<value>-<value> or run <value>-<value>-<value>; ref <value>-abcd; as <value>."
269 |     ) in out
    |

E501 Line too long (187 > 120)
   --> tests/test_review_runs.py:617:121
    |
616 | …
617 | …attempts").glob("*.json"))  # a SIGKILL of the whole review here would leave this digest (7.4's X1)
    |                                  ^^^^^^^^^^^^^^^^^^^^^^^^^^^^^^^^^^^^^^^^^^^^^^^^^^^^^^^^^^^^^^^^^^^
618 | …
619 | …nds
    |

E501 Line too long (147 > 120)
   --> tests/test_review_runs.py:632:121
    |
630 | …
631 | …
632 | …ut_items"] if item["kind"] == "runs"]) == (launches.calls[0]["stdin"], run_ids)
    |                                                      ^^^^^^^^^^^^^^^^^^^^^^^^^^^

E501 Line too long (137 > 120)
   --> tests/test_review_runs.py:703:121
    |
701 | …
702 | …
703 | …LY, CANARY: 'bad'}, review_runs.prepare_batch(), '', datetime.now(), None)
    |                                                           ^^^^^^^^^^^^^^^^^
704 | …
705 | …
    |

Found 28 errors.
[*] 4 fixable with the `--fix` option.
